Analysis & Synthesis report for Filtro-de-imagenes
Wed Nov 22 00:26:50 2023
Quartus Prime Version 22.1std.1 Build 917 02/14/2023 SC Lite Edition


---------------------
; Table of Contents ;
---------------------
  1. Legal Notice
  2. Analysis & Synthesis Summary
  3. Analysis & Synthesis Settings
  4. Parallel Compilation
  5. Analysis & Synthesis Source Files Read
  6. Analysis & Synthesis Resource Usage Summary
  7. Analysis & Synthesis Resource Utilization by Entity
  8. Analysis & Synthesis RAM Summary
  9. User-Specified and Inferred Latches
 10. General Register Statistics
 11. Multiplexer Restructuring Statistics (Restructuring Performed)
 12. Source assignments for topRam:topR|ram:mem|altsyncram:altsyncram_component|altsyncram_mpo1:auto_generated
 13. Parameter Settings for User Entity Instance: topRam:topR|ram:mem|altsyncram:altsyncram_component
 14. Parameter Settings for User Entity Instance: vga_top:vgat|vgaController:vgaCont
 15. altsyncram Parameter Settings by Entity Instance
 16. Port Connectivity Checks: "vga_top:vgat|generate_graphic:generar_g|generate_rectangle:rectImage"
 17. Port Connectivity Checks: "vga_top:vgat"
 18. Port Connectivity Checks: "topRam:topR|write_mem:escribir"
 19. Port Connectivity Checks: "topRam:topR"
 20. Post-Synthesis Netlist Statistics for Top Partition
 21. Elapsed Time Per Partition
 22. Analysis & Synthesis Messages
 23. Analysis & Synthesis Suppressed Messages



----------------
; Legal Notice ;
----------------
Copyright (C) 2023  Intel Corporation. All rights reserved.
Your use of Intel Corporation's design tools, logic functions 
and other software and tools, and any partner logic 
functions, and any output files from any of the foregoing 
(including device programming or simulation files), and any 
associated documentation or information are expressly subject 
to the terms and conditions of the Intel Program License 
Subscription Agreement, the Intel Quartus Prime License Agreement,
the Intel FPGA IP License Agreement, or other applicable license
agreement, including, without limitation, that your use is for
the sole purpose of programming logic devices manufactured by
Intel and sold by Intel or its authorized distributors.  Please
refer to the applicable agreement for further details, at
https://fpgasoftware.intel.com/eula.



+----------------------------------------------------------------------------------+
; Analysis & Synthesis Summary                                                     ;
+---------------------------------+------------------------------------------------+
; Analysis & Synthesis Status     ; Successful - Wed Nov 22 00:26:50 2023          ;
; Quartus Prime Version           ; 22.1std.1 Build 917 02/14/2023 SC Lite Edition ;
; Revision Name                   ; Filtro-de-imagenes                             ;
; Top-level Entity Name           ; main                                           ;
; Family                          ; Cyclone V                                      ;
; Logic utilization (in ALMs)     ; N/A                                            ;
; Total registers                 ; 41                                             ;
; Total pins                      ; 86                                             ;
; Total virtual pins              ; 0                                              ;
; Total block memory bits         ; 2,097,152                                      ;
; Total DSP Blocks                ; 0                                              ;
; Total HSSI RX PCSs              ; 0                                              ;
; Total HSSI PMA RX Deserializers ; 0                                              ;
; Total HSSI TX PCSs              ; 0                                              ;
; Total HSSI PMA TX Serializers   ; 0                                              ;
; Total PLLs                      ; 0                                              ;
; Total DLLs                      ; 0                                              ;
+---------------------------------+------------------------------------------------+


+---------------------------------------------------------------------------------------------------------------------------+
; Analysis & Synthesis Settings                                                                                             ;
+---------------------------------------------------------------------------------+--------------------+--------------------+
; Option                                                                          ; Setting            ; Default Value      ;
+---------------------------------------------------------------------------------+--------------------+--------------------+
; Device                                                                          ; 5CSEMA5F31C6       ;                    ;
; Top-level entity name                                                           ; main               ; Filtro-de-imagenes ;
; Family name                                                                     ; Cyclone V          ; Cyclone V          ;
; Use smart compilation                                                           ; Off                ; Off                ;
; Enable parallel Assembler and Timing Analyzer during compilation                ; On                 ; On                 ;
; Enable compact report table                                                     ; Off                ; Off                ;
; Restructure Multiplexers                                                        ; Auto               ; Auto               ;
; MLAB Add Timing Constraints For Mixed-Port Feed-Through Mode Setting Don't Care ; Off                ; Off                ;
; Create Debugging Nodes for IP Cores                                             ; Off                ; Off                ;
; Preserve fewer node names                                                       ; On                 ; On                 ;
; Intel FPGA IP Evaluation Mode                                                   ; Enable             ; Enable             ;
; Verilog Version                                                                 ; Verilog_2001       ; Verilog_2001       ;
; VHDL Version                                                                    ; VHDL_1993          ; VHDL_1993          ;
; State Machine Processing                                                        ; Auto               ; Auto               ;
; Safe State Machine                                                              ; Off                ; Off                ;
; Extract Verilog State Machines                                                  ; On                 ; On                 ;
; Extract VHDL State Machines                                                     ; On                 ; On                 ;
; Ignore Verilog initial constructs                                               ; Off                ; Off                ;
; Iteration limit for constant Verilog loops                                      ; 5000               ; 5000               ;
; Iteration limit for non-constant Verilog loops                                  ; 250                ; 250                ;
; Add Pass-Through Logic to Inferred RAMs                                         ; On                 ; On                 ;
; Infer RAMs from Raw Logic                                                       ; On                 ; On                 ;
; Parallel Synthesis                                                              ; On                 ; On                 ;
; DSP Block Balancing                                                             ; Auto               ; Auto               ;
; NOT Gate Push-Back                                                              ; On                 ; On                 ;
; Power-Up Don't Care                                                             ; On                 ; On                 ;
; Remove Redundant Logic Cells                                                    ; Off                ; Off                ;
; Remove Duplicate Registers                                                      ; On                 ; On                 ;
; Ignore CARRY Buffers                                                            ; Off                ; Off                ;
; Ignore CASCADE Buffers                                                          ; Off                ; Off                ;
; Ignore GLOBAL Buffers                                                           ; Off                ; Off                ;
; Ignore ROW GLOBAL Buffers                                                       ; Off                ; Off                ;
; Ignore LCELL Buffers                                                            ; Off                ; Off                ;
; Ignore SOFT Buffers                                                             ; On                 ; On                 ;
; Limit AHDL Integers to 32 Bits                                                  ; Off                ; Off                ;
; Optimization Technique                                                          ; Balanced           ; Balanced           ;
; Carry Chain Length                                                              ; 70                 ; 70                 ;
; Auto Carry Chains                                                               ; On                 ; On                 ;
; Auto Open-Drain Pins                                                            ; On                 ; On                 ;
; Perform WYSIWYG Primitive Resynthesis                                           ; Off                ; Off                ;
; Auto ROM Replacement                                                            ; On                 ; On                 ;
; Auto RAM Replacement                                                            ; On                 ; On                 ;
; Auto DSP Block Replacement                                                      ; On                 ; On                 ;
; Auto Shift Register Replacement                                                 ; Auto               ; Auto               ;
; Allow Shift Register Merging across Hierarchies                                 ; Auto               ; Auto               ;
; Auto Clock Enable Replacement                                                   ; On                 ; On                 ;
; Strict RAM Replacement                                                          ; Off                ; Off                ;
; Allow Synchronous Control Signals                                               ; On                 ; On                 ;
; Force Use of Synchronous Clear Signals                                          ; Off                ; Off                ;
; Auto Resource Sharing                                                           ; Off                ; Off                ;
; Allow Any RAM Size For Recognition                                              ; Off                ; Off                ;
; Allow Any ROM Size For Recognition                                              ; Off                ; Off                ;
; Allow Any Shift Register Size For Recognition                                   ; Off                ; Off                ;
; Use LogicLock Constraints during Resource Balancing                             ; On                 ; On                 ;
; Ignore translate_off and synthesis_off directives                               ; Off                ; Off                ;
; Timing-Driven Synthesis                                                         ; On                 ; On                 ;
; Report Parameter Settings                                                       ; On                 ; On                 ;
; Report Source Assignments                                                       ; On                 ; On                 ;
; Report Connectivity Checks                                                      ; On                 ; On                 ;
; Ignore Maximum Fan-Out Assignments                                              ; Off                ; Off                ;
; Synchronization Register Chain Length                                           ; 3                  ; 3                  ;
; Power Optimization During Synthesis                                             ; Normal compilation ; Normal compilation ;
; HDL message level                                                               ; Level2             ; Level2             ;
; Suppress Register Optimization Related Messages                                 ; Off                ; Off                ;
; Number of Removed Registers Reported in Synthesis Report                        ; 5000               ; 5000               ;
; Number of Swept Nodes Reported in Synthesis Report                              ; 5000               ; 5000               ;
; Number of Inverted Registers Reported in Synthesis Report                       ; 100                ; 100                ;
; Clock MUX Protection                                                            ; On                 ; On                 ;
; Auto Gated Clock Conversion                                                     ; Off                ; Off                ;
; Block Design Naming                                                             ; Auto               ; Auto               ;
; SDC constraint protection                                                       ; Off                ; Off                ;
; Synthesis Effort                                                                ; Auto               ; Auto               ;
; Shift Register Replacement - Allow Asynchronous Clear Signal                    ; On                 ; On                 ;
; Pre-Mapping Resynthesis Optimization                                            ; Off                ; Off                ;
; Analysis & Synthesis Message Level                                              ; Medium             ; Medium             ;
; Disable Register Merging Across Hierarchies                                     ; Auto               ; Auto               ;
; Resource Aware Inference For Block RAM                                          ; On                 ; On                 ;
; Automatic Parallel Synthesis                                                    ; On                 ; On                 ;
; Partial Reconfiguration Bitstream ID                                            ; Off                ; Off                ;
+---------------------------------------------------------------------------------+--------------------+--------------------+


+------------------------------------------+
; Parallel Compilation                     ;
+----------------------------+-------------+
; Processors                 ; Number      ;
+----------------------------+-------------+
; Number detected on machine ; 12          ;
; Maximum allowed            ; 6           ;
;                            ;             ;
; Average used               ; 1.00        ;
; Maximum used               ; 6           ;
;                            ;             ;
; Usage by Processor         ; % Time Used ;
;     Processor 1            ; 100.0%      ;
;     Processor 2            ;   0.0%      ;
;     Processor 3            ;   0.0%      ;
;     Processor 4            ;   0.0%      ;
;     Processor 5            ;   0.0%      ;
;     Processor 6            ;   0.0%      ;
+----------------------------+-------------+


+---------------------------------------------------------------------------------------------------------------------------------------------------------------------------------------------------------------------------------------+
; Analysis & Synthesis Source Files Read                                                                                                                                                                                                ;
+-----------------------------------+-----------------+----------------------------------+------------------------------------------------------------------------------------------------------------------------------------+---------+
; File Name with User-Entered Path  ; Used in Netlist ; File Type                        ; File Name with Absolute Path                                                                                                       ; Library ;
+-----------------------------------+-----------------+----------------------------------+------------------------------------------------------------------------------------------------------------------------------------+---------+
; Modulos/VGA/v2/vgaController.sv   ; yes             ; User SystemVerilog HDL File      ; C:/Users/XPC/Documents/GitHub/njohnson_jmarschatz_gconejo_digital_design_lab_2023/Proyecto-Final/Modulos/VGA/v2/vgaController.sv   ;         ;
; Modulos/VGA/v2/vga_top.sv         ; yes             ; User SystemVerilog HDL File      ; C:/Users/XPC/Documents/GitHub/njohnson_jmarschatz_gconejo_digital_design_lab_2023/Proyecto-Final/Modulos/VGA/v2/vga_top.sv         ;         ;
; Modulos/VGA/v2/pll.sv             ; yes             ; User SystemVerilog HDL File      ; C:/Users/XPC/Documents/GitHub/njohnson_jmarschatz_gconejo_digital_design_lab_2023/Proyecto-Final/Modulos/VGA/v2/pll.sv             ;         ;
; ram_data.mif                      ; yes             ; User Memory Initialization File  ; C:/Users/XPC/Documents/GitHub/njohnson_jmarschatz_gconejo_digital_design_lab_2023/Proyecto-Final/ram_data.mif                      ;         ;
; ram.v                             ; yes             ; User Wizard-Generated File       ; C:/Users/XPC/Documents/GitHub/njohnson_jmarschatz_gconejo_digital_design_lab_2023/Proyecto-Final/ram.v                             ;         ;
; main.sv                           ; yes             ; User SystemVerilog HDL File      ; C:/Users/XPC/Documents/GitHub/njohnson_jmarschatz_gconejo_digital_design_lab_2023/Proyecto-Final/main.sv                           ;         ;
; Modulos/Procesador/write_mem.sv   ; yes             ; User SystemVerilog HDL File      ; C:/Users/XPC/Documents/GitHub/njohnson_jmarschatz_gconejo_digital_design_lab_2023/Proyecto-Final/Modulos/Procesador/write_mem.sv   ;         ;
; Modulos/Procesador/topRam.sv      ; yes             ; User SystemVerilog HDL File      ; C:/Users/XPC/Documents/GitHub/njohnson_jmarschatz_gconejo_digital_design_lab_2023/Proyecto-Final/Modulos/Procesador/topRam.sv      ;         ;
; Modulos/Procesador/mux_21.sv      ; yes             ; User SystemVerilog HDL File      ; C:/Users/XPC/Documents/GitHub/njohnson_jmarschatz_gconejo_digital_design_lab_2023/Proyecto-Final/Modulos/Procesador/mux_21.sv      ;         ;
; Modulos/Procesador/hhclock.sv     ; yes             ; User SystemVerilog HDL File      ; C:/Users/XPC/Documents/GitHub/njohnson_jmarschatz_gconejo_digital_design_lab_2023/Proyecto-Final/Modulos/Procesador/hhclock.sv     ;         ;
; Modulos/VGA/Counter.sv            ; yes             ; User SystemVerilog HDL File      ; C:/Users/XPC/Documents/GitHub/njohnson_jmarschatz_gconejo_digital_design_lab_2023/Proyecto-Final/Modulos/VGA/Counter.sv            ;         ;
; Modulos/VGA/generate_graphic.sv   ; yes             ; User SystemVerilog HDL File      ; C:/Users/XPC/Documents/GitHub/njohnson_jmarschatz_gconejo_digital_design_lab_2023/Proyecto-Final/Modulos/VGA/generate_graphic.sv   ;         ;
; Modulos/VGA/generate_rectangle.sv ; yes             ; User SystemVerilog HDL File      ; C:/Users/XPC/Documents/GitHub/njohnson_jmarschatz_gconejo_digital_design_lab_2023/Proyecto-Final/Modulos/VGA/generate_rectangle.sv ;         ;
; altsyncram.tdf                    ; yes             ; Megafunction                     ; c:/intelfpga_lite/22.1std/quartus/libraries/megafunctions/altsyncram.tdf                                                           ;         ;
; stratix_ram_block.inc             ; yes             ; Megafunction                     ; c:/intelfpga_lite/22.1std/quartus/libraries/megafunctions/stratix_ram_block.inc                                                    ;         ;
; lpm_mux.inc                       ; yes             ; Megafunction                     ; c:/intelfpga_lite/22.1std/quartus/libraries/megafunctions/lpm_mux.inc                                                              ;         ;
; lpm_decode.inc                    ; yes             ; Megafunction                     ; c:/intelfpga_lite/22.1std/quartus/libraries/megafunctions/lpm_decode.inc                                                           ;         ;
; aglobal221.inc                    ; yes             ; Megafunction                     ; c:/intelfpga_lite/22.1std/quartus/libraries/megafunctions/aglobal221.inc                                                           ;         ;
; a_rdenreg.inc                     ; yes             ; Megafunction                     ; c:/intelfpga_lite/22.1std/quartus/libraries/megafunctions/a_rdenreg.inc                                                            ;         ;
; altrom.inc                        ; yes             ; Megafunction                     ; c:/intelfpga_lite/22.1std/quartus/libraries/megafunctions/altrom.inc                                                               ;         ;
; altram.inc                        ; yes             ; Megafunction                     ; c:/intelfpga_lite/22.1std/quartus/libraries/megafunctions/altram.inc                                                               ;         ;
; altdpram.inc                      ; yes             ; Megafunction                     ; c:/intelfpga_lite/22.1std/quartus/libraries/megafunctions/altdpram.inc                                                             ;         ;
; db/altsyncram_mpo1.tdf            ; yes             ; Auto-Generated Megafunction      ; C:/Users/XPC/Documents/GitHub/njohnson_jmarschatz_gconejo_digital_design_lab_2023/Proyecto-Final/db/altsyncram_mpo1.tdf            ;         ;
; db/decode_dla.tdf                 ; yes             ; Auto-Generated Megafunction      ; C:/Users/XPC/Documents/GitHub/njohnson_jmarschatz_gconejo_digital_design_lab_2023/Proyecto-Final/db/decode_dla.tdf                 ;         ;
; db/decode_61a.tdf                 ; yes             ; Auto-Generated Megafunction      ; C:/Users/XPC/Documents/GitHub/njohnson_jmarschatz_gconejo_digital_design_lab_2023/Proyecto-Final/db/decode_61a.tdf                 ;         ;
; db/mux_ahb.tdf                    ; yes             ; Auto-Generated Megafunction      ; C:/Users/XPC/Documents/GitHub/njohnson_jmarschatz_gconejo_digital_design_lab_2023/Proyecto-Final/db/mux_ahb.tdf                    ;         ;
+-----------------------------------+-----------------+----------------------------------+------------------------------------------------------------------------------------------------------------------------------------+---------+


+-----------------------------------------------------------------------------------+
; Analysis & Synthesis Resource Usage Summary                                       ;
+---------------------------------------------+-------------------------------------+
; Resource                                    ; Usage                               ;
+---------------------------------------------+-------------------------------------+
; Estimate of Logic utilization (ALMs needed) ; 138                                 ;
;                                             ;                                     ;
; Combinational ALUT usage for logic          ; 196                                 ;
;     -- 7 input functions                    ; 0                                   ;
;     -- 6 input functions                    ; 79                                  ;
;     -- 5 input functions                    ; 15                                  ;
;     -- 4 input functions                    ; 12                                  ;
;     -- <=3 input functions                  ; 90                                  ;
;                                             ;                                     ;
; Dedicated logic registers                   ; 41                                  ;
;                                             ;                                     ;
; I/O pins                                    ; 86                                  ;
; Total MLAB memory bits                      ; 0                                   ;
; Total block memory bits                     ; 2097152                             ;
;                                             ;                                     ;
; Total DSP Blocks                            ; 0                                   ;
;                                             ;                                     ;
; Maximum fan-out node                        ; topRam:topR|hhclock:hhclock|divider ;
; Maximum fan-out                             ; 276                                 ;
; Total fan-out                               ; 5434                                ;
; Average fan-out                             ; 8.17                                ;
+---------------------------------------------+-------------------------------------+


+-------------------------------------------------------------------------------------------------------------------------------------------------------------------------------------------------------------------------------------------------------------------------------------------------------------+
; Analysis & Synthesis Resource Utilization by Entity                                                                                                                                                                                                                                                         ;
+----------------------------------------------+---------------------+---------------------------+-------------------+------------+------+--------------+-----------------------------------------------------------------------------------------------------------------+--------------------+--------------+
; Compilation Hierarchy Node                   ; Combinational ALUTs ; Dedicated Logic Registers ; Block Memory Bits ; DSP Blocks ; Pins ; Virtual Pins ; Full Hierarchy Name                                                                                             ; Entity Name        ; Library Name ;
+----------------------------------------------+---------------------+---------------------------+-------------------+------------+------+--------------+-----------------------------------------------------------------------------------------------------------------+--------------------+--------------+
; |main                                        ; 196 (1)             ; 41 (0)                    ; 2097152           ; 0          ; 86   ; 0            ; |main                                                                                                           ; main               ; work         ;
;    |topRam:topR|                             ; 153 (0)             ; 20 (0)                    ; 2097152           ; 0          ; 0    ; 0            ; |main|topRam:topR                                                                                               ; topRam             ; work         ;
;       |Counter:cont|                         ; 21 (21)             ; 16 (16)                   ; 0                 ; 0          ; 0    ; 0            ; |main|topRam:topR|Counter:cont                                                                                  ; Counter            ; work         ;
;       |hhclock:hhclock|                      ; 1 (1)               ; 1 (1)                     ; 0                 ; 0          ; 0    ; 0            ; |main|topRam:topR|hhclock:hhclock                                                                               ; hhclock            ; work         ;
;       |mux_21:mux_21|                        ; 16 (16)             ; 0 (0)                     ; 0                 ; 0          ; 0    ; 0            ; |main|topRam:topR|mux_21:mux_21                                                                                 ; mux_21             ; work         ;
;       |ram:mem|                              ; 112 (0)             ; 3 (0)                     ; 2097152           ; 0          ; 0    ; 0            ; |main|topRam:topR|ram:mem                                                                                       ; ram                ; work         ;
;          |altsyncram:altsyncram_component|   ; 112 (0)             ; 3 (0)                     ; 2097152           ; 0          ; 0    ; 0            ; |main|topRam:topR|ram:mem|altsyncram:altsyncram_component                                                       ; altsyncram         ; work         ;
;             |altsyncram_mpo1:auto_generated| ; 112 (0)             ; 3 (3)                     ; 2097152           ; 0          ; 0    ; 0            ; |main|topRam:topR|ram:mem|altsyncram:altsyncram_component|altsyncram_mpo1:auto_generated                        ; altsyncram_mpo1    ; work         ;
;                |decode_61a:rden_decode|      ; 7 (7)               ; 0 (0)                     ; 0                 ; 0          ; 0    ; 0            ; |main|topRam:topR|ram:mem|altsyncram:altsyncram_component|altsyncram_mpo1:auto_generated|decode_61a:rden_decode ; decode_61a         ; work         ;
;                |decode_dla:decode3|          ; 9 (9)               ; 0 (0)                     ; 0                 ; 0          ; 0    ; 0            ; |main|topRam:topR|ram:mem|altsyncram:altsyncram_component|altsyncram_mpo1:auto_generated|decode_dla:decode3     ; decode_dla         ; work         ;
;                |mux_ahb:mux2|                ; 96 (96)             ; 0 (0)                     ; 0                 ; 0          ; 0    ; 0            ; |main|topRam:topR|ram:mem|altsyncram:altsyncram_component|altsyncram_mpo1:auto_generated|mux_ahb:mux2           ; mux_ahb            ; work         ;
;       |write_mem:escribir|                   ; 3 (3)               ; 0 (0)                     ; 0                 ; 0          ; 0    ; 0            ; |main|topRam:topR|write_mem:escribir                                                                            ; write_mem          ; work         ;
;    |vga_top:vgat|                            ; 42 (0)              ; 21 (0)                    ; 0                 ; 0          ; 0    ; 0            ; |main|vga_top:vgat                                                                                              ; vga_top            ; work         ;
;       |generate_graphic:generar_g|           ; 11 (8)              ; 0 (0)                     ; 0                 ; 0          ; 0    ; 0            ; |main|vga_top:vgat|generate_graphic:generar_g                                                                   ; generate_graphic   ; work         ;
;          |generate_rectangle:rectImage|      ; 3 (3)               ; 0 (0)                     ; 0                 ; 0          ; 0    ; 0            ; |main|vga_top:vgat|generate_graphic:generar_g|generate_rectangle:rectImage                                      ; generate_rectangle ; work         ;
;       |pll:vgapll|                           ; 1 (1)               ; 1 (1)                     ; 0                 ; 0          ; 0    ; 0            ; |main|vga_top:vgat|pll:vgapll                                                                                   ; pll                ; work         ;
;       |vgaController:vgaCont|                ; 30 (30)             ; 20 (20)                   ; 0                 ; 0          ; 0    ; 0            ; |main|vga_top:vgat|vgaController:vgaCont                                                                        ; vgaController      ; work         ;
+----------------------------------------------+---------------------+---------------------------+-------------------+------------+------+--------------+-----------------------------------------------------------------------------------------------------------------+--------------------+--------------+
Note: For table entries with two numbers listed, the numbers in parentheses indicate the number of resources of the given type used by the specific entity alone. The numbers listed outside of parentheses indicate the total resources of the given type used by the specific entity and all of its sub-entities in the hierarchy.


+---------------------------------------------------------------------------------------------------------------------------------------------------------------------------------------------------------+
; Analysis & Synthesis RAM Summary                                                                                                                                                                        ;
+-----------------------------------------------------------------------------------------------+------+-------------+--------------+--------------+--------------+--------------+---------+--------------+
; Name                                                                                          ; Type ; Mode        ; Port A Depth ; Port A Width ; Port B Depth ; Port B Width ; Size    ; MIF          ;
+-----------------------------------------------------------------------------------------------+------+-------------+--------------+--------------+--------------+--------------+---------+--------------+
; topRam:topR|ram:mem|altsyncram:altsyncram_component|altsyncram_mpo1:auto_generated|ALTSYNCRAM ; AUTO ; Single Port ; 65536        ; 32           ; --           ; --           ; 2097152 ; ram_data.mif ;
+-----------------------------------------------------------------------------------------------+------+-------------+--------------+--------------+--------------+--------------+---------+--------------+


+---------------------------------------------------------------------------------------------------------------------+
; User-Specified and Inferred Latches                                                                                 ;
+----------------------------------------------------+---------------------------------------+------------------------+
; Latch Name                                         ; Latch Enable Signal                   ; Free of Timing Hazards ;
+----------------------------------------------------+---------------------------------------+------------------------+
; topRam:topR|write_mem:escribir|data[0]             ; topRam:topR|write_mem:escribir|enable ; yes                    ;
; topRam:topR|write_mem:escribir|data[1]             ; topRam:topR|write_mem:escribir|enable ; yes                    ;
; Number of user-specified and inferred latches = 2  ;                                       ;                        ;
+----------------------------------------------------+---------------------------------------+------------------------+
Note: All latches listed above may not be present at the end of synthesis due to various synthesis optimizations.


+------------------------------------------------------+
; General Register Statistics                          ;
+----------------------------------------------+-------+
; Statistic                                    ; Value ;
+----------------------------------------------+-------+
; Total registers                              ; 41    ;
; Number of registers using Synchronous Clear  ; 36    ;
; Number of registers using Synchronous Load   ; 0     ;
; Number of registers using Asynchronous Clear ; 0     ;
; Number of registers using Asynchronous Load  ; 0     ;
; Number of registers using Clock Enable       ; 10    ;
; Number of registers using Preset             ; 0     ;
+----------------------------------------------+-------+


+-------------------------------------------------------------------------------------------------------------------------------------------------------------------------------------------------------------------------------------------+
; Multiplexer Restructuring Statistics (Restructuring Performed)                                                                                                                                                                            ;
+--------------------+-----------+---------------+----------------------+------------------------+------------+-----------------------------------------------------------------------------------------------------------------------------+
; Multiplexer Inputs ; Bus Width ; Baseline Area ; Area if Restructured ; Saving if Restructured ; Registered ; Example Multiplexer Output                                                                                                  ;
+--------------------+-----------+---------------+----------------------+------------------------+------------+-----------------------------------------------------------------------------------------------------------------------------+
; 3:1                ; 16 bits   ; 32 LEs        ; 0 LEs                ; 32 LEs                 ; Yes        ; |main|topRam:topR|Counter:cont|memAddress[4]                                                                                ;
; 8:1                ; 32 bits   ; 160 LEs       ; 160 LEs              ; 0 LEs                  ; No         ; |main|topRam:topR|ram:mem|altsyncram:altsyncram_component|altsyncram_mpo1:auto_generated|mux_ahb:mux2|l3_w10_n0_mux_dataout ;
+--------------------+-----------+---------------+----------------------+------------------------+------------+-----------------------------------------------------------------------------------------------------------------------------+


+-----------------------------------------------------------------------------------------------------------+
; Source assignments for topRam:topR|ram:mem|altsyncram:altsyncram_component|altsyncram_mpo1:auto_generated ;
+---------------------------------+--------------------+------+---------------------------------------------+
; Assignment                      ; Value              ; From ; To                                          ;
+---------------------------------+--------------------+------+---------------------------------------------+
; OPTIMIZE_POWER_DURING_SYNTHESIS ; NORMAL_COMPILATION ; -    ; -                                           ;
+---------------------------------+--------------------+------+---------------------------------------------+


+--------------------------------------------------------------------------------------------------+
; Parameter Settings for User Entity Instance: topRam:topR|ram:mem|altsyncram:altsyncram_component ;
+------------------------------------+----------------------+--------------------------------------+
; Parameter Name                     ; Value                ; Type                                 ;
+------------------------------------+----------------------+--------------------------------------+
; BYTE_SIZE_BLOCK                    ; 8                    ; Untyped                              ;
; AUTO_CARRY_CHAINS                  ; ON                   ; AUTO_CARRY                           ;
; IGNORE_CARRY_BUFFERS               ; OFF                  ; IGNORE_CARRY                         ;
; AUTO_CASCADE_CHAINS                ; ON                   ; AUTO_CASCADE                         ;
; IGNORE_CASCADE_BUFFERS             ; OFF                  ; IGNORE_CASCADE                       ;
; WIDTH_BYTEENA                      ; 1                    ; Untyped                              ;
; OPERATION_MODE                     ; SINGLE_PORT          ; Untyped                              ;
; WIDTH_A                            ; 32                   ; Signed Integer                       ;
; WIDTHAD_A                          ; 16                   ; Signed Integer                       ;
; NUMWORDS_A                         ; 65536                ; Signed Integer                       ;
; OUTDATA_REG_A                      ; UNREGISTERED         ; Untyped                              ;
; ADDRESS_ACLR_A                     ; NONE                 ; Untyped                              ;
; OUTDATA_ACLR_A                     ; NONE                 ; Untyped                              ;
; WRCONTROL_ACLR_A                   ; NONE                 ; Untyped                              ;
; INDATA_ACLR_A                      ; NONE                 ; Untyped                              ;
; BYTEENA_ACLR_A                     ; NONE                 ; Untyped                              ;
; WIDTH_B                            ; 1                    ; Untyped                              ;
; WIDTHAD_B                          ; 1                    ; Untyped                              ;
; NUMWORDS_B                         ; 1                    ; Untyped                              ;
; INDATA_REG_B                       ; CLOCK1               ; Untyped                              ;
; WRCONTROL_WRADDRESS_REG_B          ; CLOCK1               ; Untyped                              ;
; RDCONTROL_REG_B                    ; CLOCK1               ; Untyped                              ;
; ADDRESS_REG_B                      ; CLOCK1               ; Untyped                              ;
; OUTDATA_REG_B                      ; UNREGISTERED         ; Untyped                              ;
; BYTEENA_REG_B                      ; CLOCK1               ; Untyped                              ;
; INDATA_ACLR_B                      ; NONE                 ; Untyped                              ;
; WRCONTROL_ACLR_B                   ; NONE                 ; Untyped                              ;
; ADDRESS_ACLR_B                     ; NONE                 ; Untyped                              ;
; OUTDATA_ACLR_B                     ; NONE                 ; Untyped                              ;
; RDCONTROL_ACLR_B                   ; NONE                 ; Untyped                              ;
; BYTEENA_ACLR_B                     ; NONE                 ; Untyped                              ;
; WIDTH_BYTEENA_A                    ; 1                    ; Signed Integer                       ;
; WIDTH_BYTEENA_B                    ; 1                    ; Untyped                              ;
; RAM_BLOCK_TYPE                     ; AUTO                 ; Untyped                              ;
; BYTE_SIZE                          ; 8                    ; Untyped                              ;
; READ_DURING_WRITE_MODE_MIXED_PORTS ; DONT_CARE            ; Untyped                              ;
; READ_DURING_WRITE_MODE_PORT_A      ; NEW_DATA_NO_NBE_READ ; Untyped                              ;
; READ_DURING_WRITE_MODE_PORT_B      ; NEW_DATA_NO_NBE_READ ; Untyped                              ;
; INIT_FILE                          ; ram_data.mif         ; Untyped                              ;
; INIT_FILE_LAYOUT                   ; PORT_A               ; Untyped                              ;
; MAXIMUM_DEPTH                      ; 0                    ; Untyped                              ;
; CLOCK_ENABLE_INPUT_A               ; BYPASS               ; Untyped                              ;
; CLOCK_ENABLE_INPUT_B               ; NORMAL               ; Untyped                              ;
; CLOCK_ENABLE_OUTPUT_A              ; BYPASS               ; Untyped                              ;
; CLOCK_ENABLE_OUTPUT_B              ; NORMAL               ; Untyped                              ;
; CLOCK_ENABLE_CORE_A                ; USE_INPUT_CLKEN      ; Untyped                              ;
; CLOCK_ENABLE_CORE_B                ; USE_INPUT_CLKEN      ; Untyped                              ;
; ENABLE_ECC                         ; FALSE                ; Untyped                              ;
; ECC_PIPELINE_STAGE_ENABLED         ; FALSE                ; Untyped                              ;
; WIDTH_ECCSTATUS                    ; 3                    ; Untyped                              ;
; DEVICE_FAMILY                      ; Cyclone V            ; Untyped                              ;
; CBXI_PARAMETER                     ; altsyncram_mpo1      ; Untyped                              ;
+------------------------------------+----------------------+--------------------------------------+
Note: In order to hide this table in the UI and the text report file, please set the "Show Parameter Settings in Synthesis Report" option in "Analysis and Synthesis Settings -> More Settings" to "Off".


+---------------------------------------------------------------------------------+
; Parameter Settings for User Entity Instance: vga_top:vgat|vgaController:vgaCont ;
+----------------+------------+---------------------------------------------------+
; Parameter Name ; Value      ; Type                                              ;
+----------------+------------+---------------------------------------------------+
; HACTIVE        ; 1010000000 ; Unsigned Binary                                   ;
; HFP            ; 0000010000 ; Unsigned Binary                                   ;
; HSYN           ; 0001100000 ; Unsigned Binary                                   ;
; HBP            ; 0000110000 ; Unsigned Binary                                   ;
; HMAX           ; 1100100000 ; Unsigned Binary                                   ;
; VBP            ; 0000100000 ; Unsigned Binary                                   ;
; VACTIVE        ; 0111100000 ; Unsigned Binary                                   ;
; VFP            ; 0000001011 ; Unsigned Binary                                   ;
; VSYN           ; 0000000010 ; Unsigned Binary                                   ;
; VMAX           ; 1000001101 ; Unsigned Binary                                   ;
+----------------+------------+---------------------------------------------------+
Note: In order to hide this table in the UI and the text report file, please set the "Show Parameter Settings in Synthesis Report" option in "Analysis and Synthesis Settings -> More Settings" to "Off".


+-------------------------------------------------------------------------------------------------+
; altsyncram Parameter Settings by Entity Instance                                                ;
+-------------------------------------------+-----------------------------------------------------+
; Name                                      ; Value                                               ;
+-------------------------------------------+-----------------------------------------------------+
; Number of entity instances                ; 1                                                   ;
; Entity Instance                           ; topRam:topR|ram:mem|altsyncram:altsyncram_component ;
;     -- OPERATION_MODE                     ; SINGLE_PORT                                         ;
;     -- WIDTH_A                            ; 32                                                  ;
;     -- NUMWORDS_A                         ; 65536                                               ;
;     -- OUTDATA_REG_A                      ; UNREGISTERED                                        ;
;     -- WIDTH_B                            ; 1                                                   ;
;     -- NUMWORDS_B                         ; 1                                                   ;
;     -- ADDRESS_REG_B                      ; CLOCK1                                              ;
;     -- OUTDATA_REG_B                      ; UNREGISTERED                                        ;
;     -- RAM_BLOCK_TYPE                     ; AUTO                                                ;
;     -- READ_DURING_WRITE_MODE_MIXED_PORTS ; DONT_CARE                                           ;
+-------------------------------------------+-----------------------------------------------------+


+-----------------------------------------------------------------------------------------------------------------------------------------------------------------------------------------------------------------------+
; Port Connectivity Checks: "vga_top:vgat|generate_graphic:generar_g|generate_rectangle:rectImage"                                                                                                                      ;
+--------------+-------+----------+-------------------------------------------------------------------------------------------------------------------------------------------------------------------------------------+
; Port         ; Type  ; Severity ; Details                                                                                                                                                                             ;
+--------------+-------+----------+-------------------------------------------------------------------------------------------------------------------------------------------------------------------------------------+
; left         ; Input ; Warning  ; Input port expression (32 bits) is wider than the input port (10 bits) it drives.  The 22 most-significant bit(s) in the expression will be dangling if they have no other fanouts. ;
; left[9..0]   ; Input ; Info     ; Stuck at GND                                                                                                                                                                        ;
; top          ; Input ; Warning  ; Input port expression (32 bits) is wider than the input port (10 bits) it drives.  The 22 most-significant bit(s) in the expression will be dangling if they have no other fanouts. ;
; top[9..0]    ; Input ; Info     ; Stuck at GND                                                                                                                                                                        ;
; right[6..5]  ; Input ; Info     ; Stuck at VCC                                                                                                                                                                        ;
; right[9..7]  ; Input ; Info     ; Stuck at GND                                                                                                                                                                        ;
; right[4..3]  ; Input ; Info     ; Stuck at GND                                                                                                                                                                        ;
; right[1..0]  ; Input ; Info     ; Stuck at GND                                                                                                                                                                        ;
; right[2]     ; Input ; Info     ; Stuck at VCC                                                                                                                                                                        ;
; bottom[6..5] ; Input ; Info     ; Stuck at VCC                                                                                                                                                                        ;
; bottom[9..7] ; Input ; Info     ; Stuck at GND                                                                                                                                                                        ;
; bottom[4..3] ; Input ; Info     ; Stuck at GND                                                                                                                                                                        ;
; bottom[1..0] ; Input ; Info     ; Stuck at GND                                                                                                                                                                        ;
; bottom[2]    ; Input ; Info     ; Stuck at VCC                                                                                                                                                                        ;
+--------------+-------+----------+-------------------------------------------------------------------------------------------------------------------------------------------------------------------------------------+


+------------------------------------------------------------------------------------------------------------------------------------------------------------------------------------------------------------------+
; Port Connectivity Checks: "vga_top:vgat"                                                                                                                                                                         ;
+----------+-------+----------+------------------------------------------------------------------------------------------------------------------------------------------------------------------------------------+
; Port     ; Type  ; Severity ; Details                                                                                                                                                                            ;
+----------+-------+----------+------------------------------------------------------------------------------------------------------------------------------------------------------------------------------------+
; ram_data ; Input ; Warning  ; Input port expression (32 bits) is wider than the input port (8 bits) it drives.  The 24 most-significant bit(s) in the expression will be dangling if they have no other fanouts. ;
+----------+-------+----------+------------------------------------------------------------------------------------------------------------------------------------------------------------------------------------+


+--------------------------------------------------------------------------------------------------------------------------------------------------------+
; Port Connectivity Checks: "topRam:topR|write_mem:escribir"                                                                                             ;
+------+--------+----------+-----------------------------------------------------------------------------------------------------------------------------+
; Port ; Type   ; Severity ; Details                                                                                                                     ;
+------+--------+----------+-----------------------------------------------------------------------------------------------------------------------------+
; addr ; Output ; Warning  ; Output or bidir port (32 bits) is wider than the port expression (16 bits) it drives; bit(s) "addr[31..16]" have no fanouts ;
+------+--------+----------+-----------------------------------------------------------------------------------------------------------------------------+


+-------------------------------------------------------------------------------------------------------------------+
; Port Connectivity Checks: "topRam:topR"                                                                           ;
+---------+--------+----------+-------------------------------------------------------------------------------------+
; Port    ; Type   ; Severity ; Details                                                                             ;
+---------+--------+----------+-------------------------------------------------------------------------------------+
; switch  ; Input  ; Info     ; Stuck at VCC                                                                        ;
; address ; Output ; Info     ; Connected to dangling logic. Logic that only feeds a dangling port will be removed. ;
+---------+--------+----------+-------------------------------------------------------------------------------------+


+-----------------------------------------------------+
; Post-Synthesis Netlist Statistics for Top Partition ;
+-----------------------+-----------------------------+
; Type                  ; Count                       ;
+-----------------------+-----------------------------+
; arriav_ff             ; 41                          ;
;     ENA SCLR          ; 10                          ;
;     SCLR              ; 26                          ;
;     plain             ; 5                           ;
; arriav_lcell_comb     ; 197                         ;
;     arith             ; 36                          ;
;         1 data inputs ; 36                          ;
;     normal            ; 161                         ;
;         0 data inputs ; 1                           ;
;         1 data inputs ; 3                           ;
;         2 data inputs ; 14                          ;
;         3 data inputs ; 37                          ;
;         4 data inputs ; 12                          ;
;         5 data inputs ; 15                          ;
;         6 data inputs ; 79                          ;
; boundary_port         ; 86                          ;
; stratixv_ram_block    ; 256                         ;
;                       ;                             ;
; Max LUT depth         ; 3.40                        ;
; Average LUT depth     ; 2.08                        ;
+-----------------------+-----------------------------+


+-------------------------------+
; Elapsed Time Per Partition    ;
+----------------+--------------+
; Partition Name ; Elapsed Time ;
+----------------+--------------+
; Top            ; 00:00:00     ;
+----------------+--------------+


+-------------------------------+
; Analysis & Synthesis Messages ;
+-------------------------------+
Info: *******************************************************************
Info: Running Quartus Prime Analysis & Synthesis
    Info: Version 22.1std.1 Build 917 02/14/2023 SC Lite Edition
    Info: Processing started: Wed Nov 22 00:26:42 2023
Info: Command: quartus_map --read_settings_files=on --write_settings_files=off Filtro-de-imagenes -c Filtro-de-imagenes
Warning (18236): Number of processors has not been specified which may cause overloading on shared machines.  Set the global assignment NUM_PARALLEL_PROCESSORS in your QSF to an appropriate value for best performance.
Info (20030): Parallel compilation is enabled and will use 6 of the 6 processors detected
Info (12021): Found 1 design units, including 1 entities, in source file modulos/vga/v2/videogen.sv
    Info (12023): Found entity 1: videoGen File: C:/Users/XPC/Documents/GitHub/njohnson_jmarschatz_gconejo_digital_design_lab_2023/Proyecto-Final/Modulos/VGA/v2/videoGen.sv Line: 1
Info (12021): Found 1 design units, including 1 entities, in source file modulos/vga/v2/vgacontroller.sv
    Info (12023): Found entity 1: vgaController File: C:/Users/XPC/Documents/GitHub/njohnson_jmarschatz_gconejo_digital_design_lab_2023/Proyecto-Final/Modulos/VGA/v2/vgaController.sv Line: 1
Info (12021): Found 1 design units, including 1 entities, in source file modulos/vga/v2/vga_top.sv
    Info (12023): Found entity 1: vga_top File: C:/Users/XPC/Documents/GitHub/njohnson_jmarschatz_gconejo_digital_design_lab_2023/Proyecto-Final/Modulos/VGA/v2/vga_top.sv Line: 1
Info (12021): Found 1 design units, including 1 entities, in source file modulos/vga/v2/tb_vga.sv
    Info (12023): Found entity 1: tb_vga File: C:/Users/XPC/Documents/GitHub/njohnson_jmarschatz_gconejo_digital_design_lab_2023/Proyecto-Final/Modulos/VGA/v2/tb_vga.sv Line: 1
Info (12021): Found 1 design units, including 1 entities, in source file modulos/vga/v2/pll.sv
    Info (12023): Found entity 1: pll File: C:/Users/XPC/Documents/GitHub/njohnson_jmarschatz_gconejo_digital_design_lab_2023/Proyecto-Final/Modulos/VGA/v2/pll.sv Line: 1
Info (12021): Found 1 design units, including 1 entities, in source file ram.v
    Info (12023): Found entity 1: ram File: C:/Users/XPC/Documents/GitHub/njohnson_jmarschatz_gconejo_digital_design_lab_2023/Proyecto-Final/ram.v Line: 40
Info (12021): Found 1 design units, including 1 entities, in source file main_tb.sv
    Info (12023): Found entity 1: main_tb File: C:/Users/XPC/Documents/GitHub/njohnson_jmarschatz_gconejo_digital_design_lab_2023/Proyecto-Final/main_tb.sv Line: 2
Info (12021): Found 1 design units, including 1 entities, in source file main.sv
    Info (12023): Found entity 1: main File: C:/Users/XPC/Documents/GitHub/njohnson_jmarschatz_gconejo_digital_design_lab_2023/Proyecto-Final/main.sv Line: 1
Info (12021): Found 1 design units, including 1 entities, in source file modulos/procesador/write_mem.sv
    Info (12023): Found entity 1: write_mem File: C:/Users/XPC/Documents/GitHub/njohnson_jmarschatz_gconejo_digital_design_lab_2023/Proyecto-Final/Modulos/Procesador/write_mem.sv Line: 1
Info (12021): Found 1 design units, including 1 entities, in source file modulos/procesador/topram_tb.sv
    Info (12023): Found entity 1: topRam_tb File: C:/Users/XPC/Documents/GitHub/njohnson_jmarschatz_gconejo_digital_design_lab_2023/Proyecto-Final/Modulos/Procesador/topRam_tb.sv Line: 2
Info (12021): Found 1 design units, including 1 entities, in source file modulos/procesador/topram.sv
    Info (12023): Found entity 1: topRam File: C:/Users/XPC/Documents/GitHub/njohnson_jmarschatz_gconejo_digital_design_lab_2023/Proyecto-Final/Modulos/Procesador/topRam.sv Line: 4
Warning (10275): Verilog HDL Module Instantiation warning at top_module.sv(38): ignored dangling comma in List of Port Connections File: C:/Users/XPC/Documents/GitHub/njohnson_jmarschatz_gconejo_digital_design_lab_2023/Proyecto-Final/Modulos/Procesador/top_module.sv Line: 38
Info (12021): Found 1 design units, including 1 entities, in source file modulos/procesador/top_module.sv
    Info (12023): Found entity 1: top_module File: C:/Users/XPC/Documents/GitHub/njohnson_jmarschatz_gconejo_digital_design_lab_2023/Proyecto-Final/Modulos/Procesador/top_module.sv Line: 1
Info (12021): Found 1 design units, including 1 entities, in source file modulos/procesador/sumador.sv
    Info (12023): Found entity 1: sumador File: C:/Users/XPC/Documents/GitHub/njohnson_jmarschatz_gconejo_digital_design_lab_2023/Proyecto-Final/Modulos/Procesador/sumador.sv Line: 1
Info (12021): Found 1 design units, including 1 entities, in source file modulos/procesador/register_file.sv
    Info (12023): Found entity 1: register_file File: C:/Users/XPC/Documents/GitHub/njohnson_jmarschatz_gconejo_digital_design_lab_2023/Proyecto-Final/Modulos/Procesador/register_file.sv Line: 1
Info (12021): Found 1 design units, including 1 entities, in source file modulos/procesador/pc_logic.sv
    Info (12023): Found entity 1: PC_logic File: C:/Users/XPC/Documents/GitHub/njohnson_jmarschatz_gconejo_digital_design_lab_2023/Proyecto-Final/Modulos/Procesador/PC_logic.sv Line: 1
Info (12021): Found 1 design units, including 1 entities, in source file modulos/procesador/mux2.sv
    Info (12023): Found entity 1: mux2 File: C:/Users/XPC/Documents/GitHub/njohnson_jmarschatz_gconejo_digital_design_lab_2023/Proyecto-Final/Modulos/Procesador/mux2.sv Line: 1
Info (12021): Found 1 design units, including 1 entities, in source file modulos/procesador/mux_21.sv
    Info (12023): Found entity 1: mux_21 File: C:/Users/XPC/Documents/GitHub/njohnson_jmarschatz_gconejo_digital_design_lab_2023/Proyecto-Final/Modulos/Procesador/mux_21.sv Line: 1
Info (12021): Found 1 design units, including 1 entities, in source file modulos/procesador/main_decoder.sv
    Info (12023): Found entity 1: main_decoder File: C:/Users/XPC/Documents/GitHub/njohnson_jmarschatz_gconejo_digital_design_lab_2023/Proyecto-Final/Modulos/Procesador/main_decoder.sv Line: 1
Info (12021): Found 1 design units, including 1 entities, in source file modulos/procesador/imem.sv
    Info (12023): Found entity 1: imem File: C:/Users/XPC/Documents/GitHub/njohnson_jmarschatz_gconejo_digital_design_lab_2023/Proyecto-Final/Modulos/Procesador/imem.sv Line: 1
Info (12021): Found 1 design units, including 1 entities, in source file modulos/procesador/hhclock.sv
    Info (12023): Found entity 1: hhclock File: C:/Users/XPC/Documents/GitHub/njohnson_jmarschatz_gconejo_digital_design_lab_2023/Proyecto-Final/Modulos/Procesador/hhclock.sv Line: 18
Info (12021): Found 1 design units, including 1 entities, in source file modulos/procesador/flopr.sv
    Info (12023): Found entity 1: flopr File: C:/Users/XPC/Documents/GitHub/njohnson_jmarschatz_gconejo_digital_design_lab_2023/Proyecto-Final/Modulos/Procesador/flopr.sv Line: 1
Info (12021): Found 1 design units, including 1 entities, in source file modulos/procesador/flopenr.sv
    Info (12023): Found entity 1: flopenr File: C:/Users/XPC/Documents/GitHub/njohnson_jmarschatz_gconejo_digital_design_lab_2023/Proyecto-Final/Modulos/Procesador/flopenr.sv Line: 1
Info (12021): Found 1 design units, including 1 entities, in source file modulos/procesador/extend.sv
    Info (12023): Found entity 1: extend File: C:/Users/XPC/Documents/GitHub/njohnson_jmarschatz_gconejo_digital_design_lab_2023/Proyecto-Final/Modulos/Procesador/extend.sv Line: 1
Info (12021): Found 1 design units, including 1 entities, in source file modulos/procesador/dmem_tb.sv
    Info (12023): Found entity 1: dmem_tb File: C:/Users/XPC/Documents/GitHub/njohnson_jmarschatz_gconejo_digital_design_lab_2023/Proyecto-Final/Modulos/Procesador/dmem_tb.sv Line: 3
Info (12021): Found 1 design units, including 1 entities, in source file modulos/procesador/dmem.sv
    Info (12023): Found entity 1: dmem File: C:/Users/XPC/Documents/GitHub/njohnson_jmarschatz_gconejo_digital_design_lab_2023/Proyecto-Final/Modulos/Procesador/dmem.sv Line: 1
Info (12021): Found 1 design units, including 1 entities, in source file modulos/procesador/decoder.sv
    Info (12023): Found entity 1: decoder File: C:/Users/XPC/Documents/GitHub/njohnson_jmarschatz_gconejo_digital_design_lab_2023/Proyecto-Final/Modulos/Procesador/decoder.sv Line: 1
Info (12021): Found 1 design units, including 1 entities, in source file modulos/procesador/deco_alu.sv
    Info (12023): Found entity 1: Deco_ALU File: C:/Users/XPC/Documents/GitHub/njohnson_jmarschatz_gconejo_digital_design_lab_2023/Proyecto-Final/Modulos/Procesador/Deco_ALU.sv Line: 1
Info (12021): Found 1 design units, including 1 entities, in source file modulos/procesador/datapath.sv
    Info (12023): Found entity 1: datapath File: C:/Users/XPC/Documents/GitHub/njohnson_jmarschatz_gconejo_digital_design_lab_2023/Proyecto-Final/Modulos/Procesador/datapath.sv Line: 1
Info (12021): Found 1 design units, including 1 entities, in source file modulos/procesador/d_fflopreg.sv
    Info (12023): Found entity 1: D_fflopReg File: C:/Users/XPC/Documents/GitHub/njohnson_jmarschatz_gconejo_digital_design_lab_2023/Proyecto-Final/Modulos/Procesador/D_fflopReg.sv Line: 1
Info (12021): Found 1 design units, including 1 entities, in source file modulos/procesador/controller.sv
    Info (12023): Found entity 1: controller File: C:/Users/XPC/Documents/GitHub/njohnson_jmarschatz_gconejo_digital_design_lab_2023/Proyecto-Final/Modulos/Procesador/controller.sv Line: 1
Info (12021): Found 1 design units, including 1 entities, in source file modulos/procesador/control_unit.sv
    Info (12023): Found entity 1: control_unit File: C:/Users/XPC/Documents/GitHub/njohnson_jmarschatz_gconejo_digital_design_lab_2023/Proyecto-Final/Modulos/Procesador/control_unit.sv Line: 2
Info (12021): Found 1 design units, including 1 entities, in source file modulos/procesador/condition_logic.sv
    Info (12023): Found entity 1: condition_logic File: C:/Users/XPC/Documents/GitHub/njohnson_jmarschatz_gconejo_digital_design_lab_2023/Proyecto-Final/Modulos/Procesador/condition_logic.sv Line: 1
Info (12021): Found 1 design units, including 1 entities, in source file modulos/procesador/condition_check.sv
    Info (12023): Found entity 1: condition_check File: C:/Users/XPC/Documents/GitHub/njohnson_jmarschatz_gconejo_digital_design_lab_2023/Proyecto-Final/Modulos/Procesador/condition_check.sv Line: 1
Info (12021): Found 1 design units, including 1 entities, in source file modulos/procesador/cond_logic.sv
    Info (12023): Found entity 1: condlogic File: C:/Users/XPC/Documents/GitHub/njohnson_jmarschatz_gconejo_digital_design_lab_2023/Proyecto-Final/Modulos/Procesador/cond_logic.sv Line: 1
Info (12021): Found 1 design units, including 1 entities, in source file modulos/procesador/cond_check.sv
    Info (12023): Found entity 1: cond_check File: C:/Users/XPC/Documents/GitHub/njohnson_jmarschatz_gconejo_digital_design_lab_2023/Proyecto-Final/Modulos/Procesador/cond_check.sv Line: 1
Info (12021): Found 1 design units, including 1 entities, in source file modulos/procesador/arm.sv
    Info (12023): Found entity 1: arm File: C:/Users/XPC/Documents/GitHub/njohnson_jmarschatz_gconejo_digital_design_lab_2023/Proyecto-Final/Modulos/Procesador/arm.sv Line: 1
Info (12021): Found 1 design units, including 1 entities, in source file modulos/procesador/aluaritmetic.sv
    Info (12023): Found entity 1: AluAritmetic File: C:/Users/XPC/Documents/GitHub/njohnson_jmarschatz_gconejo_digital_design_lab_2023/Proyecto-Final/Modulos/Procesador/AluAritmetic.sv Line: 1
Info (12021): Found 1 design units, including 1 entities, in source file modulos/procesador/alu.sv
    Info (12023): Found entity 1: alu File: C:/Users/XPC/Documents/GitHub/njohnson_jmarschatz_gconejo_digital_design_lab_2023/Proyecto-Final/Modulos/Procesador/alu.sv Line: 1
Info (12021): Found 1 design units, including 1 entities, in source file modulos/procesador/adder.sv
    Info (12023): Found entity 1: adder File: C:/Users/XPC/Documents/GitHub/njohnson_jmarschatz_gconejo_digital_design_lab_2023/Proyecto-Final/Modulos/Procesador/adder.sv Line: 1
Info (12021): Found 1 design units, including 1 entities, in source file modulos/vga/counter.sv
    Info (12023): Found entity 1: Counter File: C:/Users/XPC/Documents/GitHub/njohnson_jmarschatz_gconejo_digital_design_lab_2023/Proyecto-Final/Modulos/VGA/Counter.sv Line: 1
Warning (10229): Verilog HDL Expression warning at video_controller.sv(47): truncated literal to match 2 bits File: C:/Users/XPC/Documents/GitHub/njohnson_jmarschatz_gconejo_digital_design_lab_2023/Proyecto-Final/Modulos/VGA/video_controller.sv Line: 47
Info (12021): Found 1 design units, including 1 entities, in source file modulos/vga/video_controller.sv
    Info (12023): Found entity 1: video_controller File: C:/Users/XPC/Documents/GitHub/njohnson_jmarschatz_gconejo_digital_design_lab_2023/Proyecto-Final/Modulos/VGA/video_controller.sv Line: 1
Info (12021): Found 1 design units, including 1 entities, in source file modulos/vga/vga_tb.sv
    Info (12023): Found entity 1: VGA_tb File: C:/Users/XPC/Documents/GitHub/njohnson_jmarschatz_gconejo_digital_design_lab_2023/Proyecto-Final/Modulos/VGA/VGA_tb.sv Line: 1
Info (12021): Found 1 design units, including 1 entities, in source file modulos/vga/vga_pll.sv
    Info (12023): Found entity 1: VGA_pll File: C:/Users/XPC/Documents/GitHub/njohnson_jmarschatz_gconejo_digital_design_lab_2023/Proyecto-Final/Modulos/VGA/VGA_pll.sv Line: 2
Info (12021): Found 1 design units, including 1 entities, in source file modulos/vga/sincronizador_vertical.sv
    Info (12023): Found entity 1: sincronizador_vertical File: C:/Users/XPC/Documents/GitHub/njohnson_jmarschatz_gconejo_digital_design_lab_2023/Proyecto-Final/Modulos/VGA/sincronizador_vertical.sv Line: 2
Info (12021): Found 1 design units, including 1 entities, in source file modulos/vga/sincronizador_horizontal.sv
    Info (12023): Found entity 1: sincronizador_horizontal File: C:/Users/XPC/Documents/GitHub/njohnson_jmarschatz_gconejo_digital_design_lab_2023/Proyecto-Final/Modulos/VGA/sincronizador_horizontal.sv Line: 2
Info (12021): Found 1 design units, including 1 entities, in source file modulos/vga/counter_tb.sv
    Info (12023): Found entity 1: Counter_tb File: C:/Users/XPC/Documents/GitHub/njohnson_jmarschatz_gconejo_digital_design_lab_2023/Proyecto-Final/Modulos/VGA/Counter_tb.sv Line: 1
Info (12021): Found 1 design units, including 1 entities, in source file modulos/procesador/procesador.sv
    Info (12023): Found entity 1: Procesador File: C:/Users/XPC/Documents/GitHub/njohnson_jmarschatz_gconejo_digital_design_lab_2023/Proyecto-Final/Modulos/Procesador/Procesador.sv Line: 1
Info (12021): Found 1 design units, including 1 entities, in source file modulos/procesador/procesador_tb.sv
    Info (12023): Found entity 1: Procesador_tb File: C:/Users/XPC/Documents/GitHub/njohnson_jmarschatz_gconejo_digital_design_lab_2023/Proyecto-Final/Modulos/Procesador/Procesador_tb.sv Line: 2
Info (12021): Found 1 design units, including 1 entities, in source file modulos/vga/generate_graphic.sv
    Info (12023): Found entity 1: generate_graphic File: C:/Users/XPC/Documents/GitHub/njohnson_jmarschatz_gconejo_digital_design_lab_2023/Proyecto-Final/Modulos/VGA/generate_graphic.sv Line: 1
Info (12021): Found 1 design units, including 1 entities, in source file modulos/vga/generate_rectangle.sv
    Info (12023): Found entity 1: generate_rectangle File: C:/Users/XPC/Documents/GitHub/njohnson_jmarschatz_gconejo_digital_design_lab_2023/Proyecto-Final/Modulos/VGA/generate_rectangle.sv Line: 1
Warning (10236): Verilog HDL Implicit Net warning at top_module.sv(17): created implicit net for "addr_cont" File: C:/Users/XPC/Documents/GitHub/njohnson_jmarschatz_gconejo_digital_design_lab_2023/Proyecto-Final/Modulos/Procesador/top_module.sv Line: 17
Info (12127): Elaborating entity "main" for the top level hierarchy
Warning (10034): Output port "x" at main.sv(12) has no driver File: C:/Users/XPC/Documents/GitHub/njohnson_jmarschatz_gconejo_digital_design_lab_2023/Proyecto-Final/main.sv Line: 12
Warning (10034): Output port "y" at main.sv(15) has no driver File: C:/Users/XPC/Documents/GitHub/njohnson_jmarschatz_gconejo_digital_design_lab_2023/Proyecto-Final/main.sv Line: 15
Info (12128): Elaborating entity "topRam" for hierarchy "topRam:topR" File: C:/Users/XPC/Documents/GitHub/njohnson_jmarschatz_gconejo_digital_design_lab_2023/Proyecto-Final/main.sv Line: 25
Info (12128): Elaborating entity "hhclock" for hierarchy "topRam:topR|hhclock:hhclock" File: C:/Users/XPC/Documents/GitHub/njohnson_jmarschatz_gconejo_digital_design_lab_2023/Proyecto-Final/Modulos/Procesador/topRam.sv Line: 15
Info (12128): Elaborating entity "ram" for hierarchy "topRam:topR|ram:mem" File: C:/Users/XPC/Documents/GitHub/njohnson_jmarschatz_gconejo_digital_design_lab_2023/Proyecto-Final/Modulos/Procesador/topRam.sv Line: 16
Info (12128): Elaborating entity "altsyncram" for hierarchy "topRam:topR|ram:mem|altsyncram:altsyncram_component" File: C:/Users/XPC/Documents/GitHub/njohnson_jmarschatz_gconejo_digital_design_lab_2023/Proyecto-Final/ram.v Line: 86
Info (12130): Elaborated megafunction instantiation "topRam:topR|ram:mem|altsyncram:altsyncram_component" File: C:/Users/XPC/Documents/GitHub/njohnson_jmarschatz_gconejo_digital_design_lab_2023/Proyecto-Final/ram.v Line: 86
Info (12133): Instantiated megafunction "topRam:topR|ram:mem|altsyncram:altsyncram_component" with the following parameter: File: C:/Users/XPC/Documents/GitHub/njohnson_jmarschatz_gconejo_digital_design_lab_2023/Proyecto-Final/ram.v Line: 86
    Info (12134): Parameter "clock_enable_input_a" = "BYPASS"
    Info (12134): Parameter "clock_enable_output_a" = "BYPASS"
    Info (12134): Parameter "init_file" = "ram_data.mif"
    Info (12134): Parameter "intended_device_family" = "Cyclone V"
    Info (12134): Parameter "lpm_hint" = "ENABLE_RUNTIME_MOD=NO"
    Info (12134): Parameter "lpm_type" = "altsyncram"
    Info (12134): Parameter "numwords_a" = "65536"
    Info (12134): Parameter "operation_mode" = "SINGLE_PORT"
    Info (12134): Parameter "outdata_aclr_a" = "NONE"
    Info (12134): Parameter "outdata_reg_a" = "UNREGISTERED"
    Info (12134): Parameter "power_up_uninitialized" = "FALSE"
    Info (12134): Parameter "read_during_write_mode_port_a" = "NEW_DATA_NO_NBE_READ"
    Info (12134): Parameter "widthad_a" = "16"
    Info (12134): Parameter "width_a" = "32"
    Info (12134): Parameter "width_byteena_a" = "1"
Info (12021): Found 1 design units, including 1 entities, in source file db/altsyncram_mpo1.tdf
    Info (12023): Found entity 1: altsyncram_mpo1 File: C:/Users/XPC/Documents/GitHub/njohnson_jmarschatz_gconejo_digital_design_lab_2023/Proyecto-Final/db/altsyncram_mpo1.tdf Line: 34
Info (12128): Elaborating entity "altsyncram_mpo1" for hierarchy "topRam:topR|ram:mem|altsyncram:altsyncram_component|altsyncram_mpo1:auto_generated" File: c:/intelfpga_lite/22.1std/quartus/libraries/megafunctions/altsyncram.tdf Line: 792
Info (12021): Found 1 design units, including 1 entities, in source file db/decode_dla.tdf
    Info (12023): Found entity 1: decode_dla File: C:/Users/XPC/Documents/GitHub/njohnson_jmarschatz_gconejo_digital_design_lab_2023/Proyecto-Final/db/decode_dla.tdf Line: 23
Info (12128): Elaborating entity "decode_dla" for hierarchy "topRam:topR|ram:mem|altsyncram:altsyncram_component|altsyncram_mpo1:auto_generated|decode_dla:decode3" File: C:/Users/XPC/Documents/GitHub/njohnson_jmarschatz_gconejo_digital_design_lab_2023/Proyecto-Final/db/altsyncram_mpo1.tdf Line: 44
Info (12021): Found 1 design units, including 1 entities, in source file db/decode_61a.tdf
    Info (12023): Found entity 1: decode_61a File: C:/Users/XPC/Documents/GitHub/njohnson_jmarschatz_gconejo_digital_design_lab_2023/Proyecto-Final/db/decode_61a.tdf Line: 23
Info (12128): Elaborating entity "decode_61a" for hierarchy "topRam:topR|ram:mem|altsyncram:altsyncram_component|altsyncram_mpo1:auto_generated|decode_61a:rden_decode" File: C:/Users/XPC/Documents/GitHub/njohnson_jmarschatz_gconejo_digital_design_lab_2023/Proyecto-Final/db/altsyncram_mpo1.tdf Line: 45
Info (12021): Found 1 design units, including 1 entities, in source file db/mux_ahb.tdf
    Info (12023): Found entity 1: mux_ahb File: C:/Users/XPC/Documents/GitHub/njohnson_jmarschatz_gconejo_digital_design_lab_2023/Proyecto-Final/db/mux_ahb.tdf Line: 23
Info (12128): Elaborating entity "mux_ahb" for hierarchy "topRam:topR|ram:mem|altsyncram:altsyncram_component|altsyncram_mpo1:auto_generated|mux_ahb:mux2" File: C:/Users/XPC/Documents/GitHub/njohnson_jmarschatz_gconejo_digital_design_lab_2023/Proyecto-Final/db/altsyncram_mpo1.tdf Line: 46
Info (12128): Elaborating entity "Counter" for hierarchy "topRam:topR|Counter:cont" File: C:/Users/XPC/Documents/GitHub/njohnson_jmarschatz_gconejo_digital_design_lab_2023/Proyecto-Final/Modulos/Procesador/topRam.sv Line: 17
Warning (10230): Verilog HDL assignment warning at Counter.sv(35): truncated value with size 32 to match size of target (16) File: C:/Users/XPC/Documents/GitHub/njohnson_jmarschatz_gconejo_digital_design_lab_2023/Proyecto-Final/Modulos/VGA/Counter.sv Line: 35
Info (12128): Elaborating entity "write_mem" for hierarchy "topRam:topR|write_mem:escribir" File: C:/Users/XPC/Documents/GitHub/njohnson_jmarschatz_gconejo_digital_design_lab_2023/Proyecto-Final/Modulos/Procesador/topRam.sv Line: 18
Warning (10240): Verilog HDL Always Construct warning at write_mem.sv(8): inferring latch(es) for variable "data", which holds its previous value in one or more paths through the always construct File: C:/Users/XPC/Documents/GitHub/njohnson_jmarschatz_gconejo_digital_design_lab_2023/Proyecto-Final/Modulos/Procesador/write_mem.sv Line: 8
Info (10041): Inferred latch for "data[0]" at write_mem.sv(8) File: C:/Users/XPC/Documents/GitHub/njohnson_jmarschatz_gconejo_digital_design_lab_2023/Proyecto-Final/Modulos/Procesador/write_mem.sv Line: 8
Info (10041): Inferred latch for "data[1]" at write_mem.sv(8) File: C:/Users/XPC/Documents/GitHub/njohnson_jmarschatz_gconejo_digital_design_lab_2023/Proyecto-Final/Modulos/Procesador/write_mem.sv Line: 8
Info (10041): Inferred latch for "data[2]" at write_mem.sv(8) File: C:/Users/XPC/Documents/GitHub/njohnson_jmarschatz_gconejo_digital_design_lab_2023/Proyecto-Final/Modulos/Procesador/write_mem.sv Line: 8
Info (10041): Inferred latch for "data[3]" at write_mem.sv(8) File: C:/Users/XPC/Documents/GitHub/njohnson_jmarschatz_gconejo_digital_design_lab_2023/Proyecto-Final/Modulos/Procesador/write_mem.sv Line: 8
Info (10041): Inferred latch for "data[4]" at write_mem.sv(8) File: C:/Users/XPC/Documents/GitHub/njohnson_jmarschatz_gconejo_digital_design_lab_2023/Proyecto-Final/Modulos/Procesador/write_mem.sv Line: 8
Info (10041): Inferred latch for "data[5]" at write_mem.sv(8) File: C:/Users/XPC/Documents/GitHub/njohnson_jmarschatz_gconejo_digital_design_lab_2023/Proyecto-Final/Modulos/Procesador/write_mem.sv Line: 8
Info (10041): Inferred latch for "data[6]" at write_mem.sv(8) File: C:/Users/XPC/Documents/GitHub/njohnson_jmarschatz_gconejo_digital_design_lab_2023/Proyecto-Final/Modulos/Procesador/write_mem.sv Line: 8
Info (10041): Inferred latch for "data[7]" at write_mem.sv(8) File: C:/Users/XPC/Documents/GitHub/njohnson_jmarschatz_gconejo_digital_design_lab_2023/Proyecto-Final/Modulos/Procesador/write_mem.sv Line: 8
Info (10041): Inferred latch for "data[8]" at write_mem.sv(8) File: C:/Users/XPC/Documents/GitHub/njohnson_jmarschatz_gconejo_digital_design_lab_2023/Proyecto-Final/Modulos/Procesador/write_mem.sv Line: 8
Info (10041): Inferred latch for "data[9]" at write_mem.sv(8) File: C:/Users/XPC/Documents/GitHub/njohnson_jmarschatz_gconejo_digital_design_lab_2023/Proyecto-Final/Modulos/Procesador/write_mem.sv Line: 8
Info (10041): Inferred latch for "data[10]" at write_mem.sv(8) File: C:/Users/XPC/Documents/GitHub/njohnson_jmarschatz_gconejo_digital_design_lab_2023/Proyecto-Final/Modulos/Procesador/write_mem.sv Line: 8
Info (10041): Inferred latch for "data[11]" at write_mem.sv(8) File: C:/Users/XPC/Documents/GitHub/njohnson_jmarschatz_gconejo_digital_design_lab_2023/Proyecto-Final/Modulos/Procesador/write_mem.sv Line: 8
Info (10041): Inferred latch for "data[12]" at write_mem.sv(8) File: C:/Users/XPC/Documents/GitHub/njohnson_jmarschatz_gconejo_digital_design_lab_2023/Proyecto-Final/Modulos/Procesador/write_mem.sv Line: 8
Info (10041): Inferred latch for "data[13]" at write_mem.sv(8) File: C:/Users/XPC/Documents/GitHub/njohnson_jmarschatz_gconejo_digital_design_lab_2023/Proyecto-Final/Modulos/Procesador/write_mem.sv Line: 8
Info (10041): Inferred latch for "data[14]" at write_mem.sv(8) File: C:/Users/XPC/Documents/GitHub/njohnson_jmarschatz_gconejo_digital_design_lab_2023/Proyecto-Final/Modulos/Procesador/write_mem.sv Line: 8
Info (10041): Inferred latch for "data[15]" at write_mem.sv(8) File: C:/Users/XPC/Documents/GitHub/njohnson_jmarschatz_gconejo_digital_design_lab_2023/Proyecto-Final/Modulos/Procesador/write_mem.sv Line: 8
Info (10041): Inferred latch for "data[16]" at write_mem.sv(8) File: C:/Users/XPC/Documents/GitHub/njohnson_jmarschatz_gconejo_digital_design_lab_2023/Proyecto-Final/Modulos/Procesador/write_mem.sv Line: 8
Info (10041): Inferred latch for "data[17]" at write_mem.sv(8) File: C:/Users/XPC/Documents/GitHub/njohnson_jmarschatz_gconejo_digital_design_lab_2023/Proyecto-Final/Modulos/Procesador/write_mem.sv Line: 8
Info (10041): Inferred latch for "data[18]" at write_mem.sv(8) File: C:/Users/XPC/Documents/GitHub/njohnson_jmarschatz_gconejo_digital_design_lab_2023/Proyecto-Final/Modulos/Procesador/write_mem.sv Line: 8
Info (10041): Inferred latch for "data[19]" at write_mem.sv(8) File: C:/Users/XPC/Documents/GitHub/njohnson_jmarschatz_gconejo_digital_design_lab_2023/Proyecto-Final/Modulos/Procesador/write_mem.sv Line: 8
Info (10041): Inferred latch for "data[20]" at write_mem.sv(8) File: C:/Users/XPC/Documents/GitHub/njohnson_jmarschatz_gconejo_digital_design_lab_2023/Proyecto-Final/Modulos/Procesador/write_mem.sv Line: 8
Info (10041): Inferred latch for "data[21]" at write_mem.sv(8) File: C:/Users/XPC/Documents/GitHub/njohnson_jmarschatz_gconejo_digital_design_lab_2023/Proyecto-Final/Modulos/Procesador/write_mem.sv Line: 8
Info (10041): Inferred latch for "data[22]" at write_mem.sv(8) File: C:/Users/XPC/Documents/GitHub/njohnson_jmarschatz_gconejo_digital_design_lab_2023/Proyecto-Final/Modulos/Procesador/write_mem.sv Line: 8
Info (10041): Inferred latch for "data[23]" at write_mem.sv(8) File: C:/Users/XPC/Documents/GitHub/njohnson_jmarschatz_gconejo_digital_design_lab_2023/Proyecto-Final/Modulos/Procesador/write_mem.sv Line: 8
Info (10041): Inferred latch for "data[24]" at write_mem.sv(8) File: C:/Users/XPC/Documents/GitHub/njohnson_jmarschatz_gconejo_digital_design_lab_2023/Proyecto-Final/Modulos/Procesador/write_mem.sv Line: 8
Info (10041): Inferred latch for "data[25]" at write_mem.sv(8) File: C:/Users/XPC/Documents/GitHub/njohnson_jmarschatz_gconejo_digital_design_lab_2023/Proyecto-Final/Modulos/Procesador/write_mem.sv Line: 8
Info (10041): Inferred latch for "data[26]" at write_mem.sv(8) File: C:/Users/XPC/Documents/GitHub/njohnson_jmarschatz_gconejo_digital_design_lab_2023/Proyecto-Final/Modulos/Procesador/write_mem.sv Line: 8
Info (10041): Inferred latch for "data[27]" at write_mem.sv(8) File: C:/Users/XPC/Documents/GitHub/njohnson_jmarschatz_gconejo_digital_design_lab_2023/Proyecto-Final/Modulos/Procesador/write_mem.sv Line: 8
Info (10041): Inferred latch for "data[28]" at write_mem.sv(8) File: C:/Users/XPC/Documents/GitHub/njohnson_jmarschatz_gconejo_digital_design_lab_2023/Proyecto-Final/Modulos/Procesador/write_mem.sv Line: 8
Info (10041): Inferred latch for "data[29]" at write_mem.sv(8) File: C:/Users/XPC/Documents/GitHub/njohnson_jmarschatz_gconejo_digital_design_lab_2023/Proyecto-Final/Modulos/Procesador/write_mem.sv Line: 8
Info (10041): Inferred latch for "data[30]" at write_mem.sv(8) File: C:/Users/XPC/Documents/GitHub/njohnson_jmarschatz_gconejo_digital_design_lab_2023/Proyecto-Final/Modulos/Procesador/write_mem.sv Line: 8
Info (10041): Inferred latch for "data[31]" at write_mem.sv(8) File: C:/Users/XPC/Documents/GitHub/njohnson_jmarschatz_gconejo_digital_design_lab_2023/Proyecto-Final/Modulos/Procesador/write_mem.sv Line: 8
Info (12128): Elaborating entity "mux_21" for hierarchy "topRam:topR|mux_21:mux_21" File: C:/Users/XPC/Documents/GitHub/njohnson_jmarschatz_gconejo_digital_design_lab_2023/Proyecto-Final/Modulos/Procesador/topRam.sv Line: 19
Info (12128): Elaborating entity "vga_top" for hierarchy "vga_top:vgat" File: C:/Users/XPC/Documents/GitHub/njohnson_jmarschatz_gconejo_digital_design_lab_2023/Proyecto-Final/main.sv Line: 27
Info (12128): Elaborating entity "pll" for hierarchy "vga_top:vgat|pll:vgapll" File: C:/Users/XPC/Documents/GitHub/njohnson_jmarschatz_gconejo_digital_design_lab_2023/Proyecto-Final/Modulos/VGA/v2/vga_top.sv Line: 13
Info (12128): Elaborating entity "vgaController" for hierarchy "vga_top:vgat|vgaController:vgaCont" File: C:/Users/XPC/Documents/GitHub/njohnson_jmarschatz_gconejo_digital_design_lab_2023/Proyecto-Final/Modulos/VGA/v2/vga_top.sv Line: 23
Info (12128): Elaborating entity "generate_graphic" for hierarchy "vga_top:vgat|generate_graphic:generar_g" File: C:/Users/XPC/Documents/GitHub/njohnson_jmarschatz_gconejo_digital_design_lab_2023/Proyecto-Final/Modulos/VGA/v2/vga_top.sv Line: 41
Info (12128): Elaborating entity "generate_rectangle" for hierarchy "vga_top:vgat|generate_graphic:generar_g|generate_rectangle:rectImage" File: C:/Users/XPC/Documents/GitHub/njohnson_jmarschatz_gconejo_digital_design_lab_2023/Proyecto-Final/Modulos/VGA/generate_graphic.sv Line: 12
Warning (12241): 3 hierarchies have connectivity warnings - see the Connectivity Checks report folder
Warning (13012): Latch topRam:topR|write_mem:escribir|data[0] has unsafe behavior File: C:/Users/XPC/Documents/GitHub/njohnson_jmarschatz_gconejo_digital_design_lab_2023/Proyecto-Final/Modulos/Procesador/write_mem.sv Line: 8
    Warning (13013): Ports D and ENA on the latch are fed by the same signal btn[0] File: C:/Users/XPC/Documents/GitHub/njohnson_jmarschatz_gconejo_digital_design_lab_2023/Proyecto-Final/main.sv Line: 2
Warning (13012): Latch topRam:topR|write_mem:escribir|data[1] has unsafe behavior File: C:/Users/XPC/Documents/GitHub/njohnson_jmarschatz_gconejo_digital_design_lab_2023/Proyecto-Final/Modulos/Procesador/write_mem.sv Line: 8
    Warning (13013): Ports D and ENA on the latch are fed by the same signal btn[0] File: C:/Users/XPC/Documents/GitHub/njohnson_jmarschatz_gconejo_digital_design_lab_2023/Proyecto-Final/main.sv Line: 2
Warning (13024): Output pins are stuck at VCC or GND
    Warning (13410): Pin "x[0]" is stuck at GND File: C:/Users/XPC/Documents/GitHub/njohnson_jmarschatz_gconejo_digital_design_lab_2023/Proyecto-Final/main.sv Line: 12
    Warning (13410): Pin "x[1]" is stuck at GND File: C:/Users/XPC/Documents/GitHub/njohnson_jmarschatz_gconejo_digital_design_lab_2023/Proyecto-Final/main.sv Line: 12
    Warning (13410): Pin "x[2]" is stuck at GND File: C:/Users/XPC/Documents/GitHub/njohnson_jmarschatz_gconejo_digital_design_lab_2023/Proyecto-Final/main.sv Line: 12
    Warning (13410): Pin "x[3]" is stuck at GND File: C:/Users/XPC/Documents/GitHub/njohnson_jmarschatz_gconejo_digital_design_lab_2023/Proyecto-Final/main.sv Line: 12
    Warning (13410): Pin "x[4]" is stuck at GND File: C:/Users/XPC/Documents/GitHub/njohnson_jmarschatz_gconejo_digital_design_lab_2023/Proyecto-Final/main.sv Line: 12
    Warning (13410): Pin "x[5]" is stuck at GND File: C:/Users/XPC/Documents/GitHub/njohnson_jmarschatz_gconejo_digital_design_lab_2023/Proyecto-Final/main.sv Line: 12
    Warning (13410): Pin "x[6]" is stuck at GND File: C:/Users/XPC/Documents/GitHub/njohnson_jmarschatz_gconejo_digital_design_lab_2023/Proyecto-Final/main.sv Line: 12
    Warning (13410): Pin "x[7]" is stuck at GND File: C:/Users/XPC/Documents/GitHub/njohnson_jmarschatz_gconejo_digital_design_lab_2023/Proyecto-Final/main.sv Line: 12
    Warning (13410): Pin "x[8]" is stuck at GND File: C:/Users/XPC/Documents/GitHub/njohnson_jmarschatz_gconejo_digital_design_lab_2023/Proyecto-Final/main.sv Line: 12
    Warning (13410): Pin "x[9]" is stuck at GND File: C:/Users/XPC/Documents/GitHub/njohnson_jmarschatz_gconejo_digital_design_lab_2023/Proyecto-Final/main.sv Line: 12
    Warning (13410): Pin "y[0]" is stuck at GND File: C:/Users/XPC/Documents/GitHub/njohnson_jmarschatz_gconejo_digital_design_lab_2023/Proyecto-Final/main.sv Line: 15
    Warning (13410): Pin "y[1]" is stuck at GND File: C:/Users/XPC/Documents/GitHub/njohnson_jmarschatz_gconejo_digital_design_lab_2023/Proyecto-Final/main.sv Line: 15
    Warning (13410): Pin "y[2]" is stuck at GND File: C:/Users/XPC/Documents/GitHub/njohnson_jmarschatz_gconejo_digital_design_lab_2023/Proyecto-Final/main.sv Line: 15
    Warning (13410): Pin "y[3]" is stuck at GND File: C:/Users/XPC/Documents/GitHub/njohnson_jmarschatz_gconejo_digital_design_lab_2023/Proyecto-Final/main.sv Line: 15
    Warning (13410): Pin "y[4]" is stuck at GND File: C:/Users/XPC/Documents/GitHub/njohnson_jmarschatz_gconejo_digital_design_lab_2023/Proyecto-Final/main.sv Line: 15
    Warning (13410): Pin "y[5]" is stuck at GND File: C:/Users/XPC/Documents/GitHub/njohnson_jmarschatz_gconejo_digital_design_lab_2023/Proyecto-Final/main.sv Line: 15
    Warning (13410): Pin "y[6]" is stuck at GND File: C:/Users/XPC/Documents/GitHub/njohnson_jmarschatz_gconejo_digital_design_lab_2023/Proyecto-Final/main.sv Line: 15
    Warning (13410): Pin "y[7]" is stuck at GND File: C:/Users/XPC/Documents/GitHub/njohnson_jmarschatz_gconejo_digital_design_lab_2023/Proyecto-Final/main.sv Line: 15
    Warning (13410): Pin "y[8]" is stuck at GND File: C:/Users/XPC/Documents/GitHub/njohnson_jmarschatz_gconejo_digital_design_lab_2023/Proyecto-Final/main.sv Line: 15
    Warning (13410): Pin "y[9]" is stuck at GND File: C:/Users/XPC/Documents/GitHub/njohnson_jmarschatz_gconejo_digital_design_lab_2023/Proyecto-Final/main.sv Line: 15
Info (286030): Timing-Driven Synthesis is running
Info (144001): Generated suppressed messages file C:/Users/XPC/Documents/GitHub/njohnson_jmarschatz_gconejo_digital_design_lab_2023/Proyecto-Final/output_files/Filtro-de-imagenes.map.smsg
Info (16010): Generating hard_block partition "hard_block:auto_generated_inst"
    Info (16011): Adding 0 node(s), including 0 DDIO, 0 PLL, 0 transceiver and 0 LCELL
Info (21057): Implemented 558 device resources after synthesis - the final resource count might be different
    Info (21058): Implemented 5 input pins
    Info (21059): Implemented 81 output pins
    Info (21061): Implemented 216 logic cells
    Info (21064): Implemented 256 RAM segments
Info: Quartus Prime Analysis & Synthesis was successful. 0 errors, 34 warnings
    Info: Peak virtual memory: 4891 megabytes
    Info: Processing ended: Wed Nov 22 00:26:50 2023
    Info: Elapsed time: 00:00:08
    Info: Total CPU time (on all processors): 00:00:19


+------------------------------------------+
; Analysis & Synthesis Suppressed Messages ;
+------------------------------------------+
The suppressed messages can be found in C:/Users/XPC/Documents/GitHub/njohnson_jmarschatz_gconejo_digital_design_lab_2023/Proyecto-Final/output_files/Filtro-de-imagenes.map.smsg.


